[    2704ms] [INFO] %cDownload the React DevTools for a better development experience: https://react.dev/link/react-devtools font-weight:bold @ webpack-internal:///(app-pages-browser)/./node_modules/next/dist/compiled/react-dom/cjs/react-dom-client.development.js:25630
[   64931ms] [LOG] [Fast Refresh] rebuilding @ webpack-internal:///(app-pages-browser)/./node_modules/next/dist/client/dev/hot-reloader/app/hot-reloader-app.js:196
[   70088ms] [LOG] [Fast Refresh] done in 5157ms @ webpack-internal:///(app-pages-browser)/./node_modules/next/dist/client/dev/report-hmr-latency.js:13
[   75660ms] [LOG] [Fast Refresh] rebuilding @ webpack-internal:///(app-pages-browser)/./node_modules/next/dist/client/dev/hot-reloader/app/hot-reloader-app.js:196
[   78013ms] [LOG] [Fast Refresh] done in 2352ms @ webpack-internal:///(app-pages-browser)/./node_modules/next/dist/client/dev/report-hmr-latency.js:13
[   82017ms] [LOG] [Fast Refresh] rebuilding @ webpack-internal:///(app-pages-browser)/./node_modules/next/dist/client/dev/hot-reloader/app/hot-reloader-app.js:196
[   85378ms] [LOG] [Fast Refresh] done in 3361ms @ webpack-internal:///(app-pages-browser)/./node_modules/next/dist/client/dev/report-hmr-latency.js:13
[  105969ms] [LOG] [Fast Refresh] rebuilding @ webpack-internal:///(app-pages-browser)/./node_modules/next/dist/client/dev/hot-reloader/app/hot-reloader-app.js:196
[  109795ms] [LOG] [Fast Refresh] done in 3828ms @ webpack-internal:///(app-pages-browser)/./node_modules/next/dist/client/dev/report-hmr-latency.js:13
[  117368ms] [LOG] [Fast Refresh] rebuilding @ webpack-internal:///(app-pages-browser)/./node_modules/next/dist/client/dev/hot-reloader/app/hot-reloader-app.js:196
[  125945ms] [LOG] [Fast Refresh] done in 8614ms @ webpack-internal:///(app-pages-browser)/./node_modules/next/dist/client/dev/report-hmr-latency.js:13
[  160170ms] [ERROR] Failed to load resource: net::ERR_CONNECTION_REFUSED @ http://localhost:3000/_next/image?url=https%3A%2F%2Fimage.tmdb.org%2Ft%2Fp%2Foriginal%2FxBT0oNq6rsTFv4SxG5uGRIEOrq6.jpg&w=1920&q=75:0
[  490165ms] [ERROR] Failed to load resource: net::ERR_CONNECTION_REFUSED @ http://localhost:3000/_next/image?url=https%3A%2F%2Fimage.tmdb.org%2Ft%2Fp%2Foriginal%2FxBT0oNq6rsTFv4SxG5uGRIEOrq6.jpg&w=1920&q=75:0
[  520162ms] [ERROR] Failed to load resource: net::ERR_CONNECTION_REFUSED @ http://localhost:3000/_next/image?url=https%3A%2F%2Fimage.tmdb.org%2Ft%2Fp%2Foriginal%2FxBT0oNq6rsTFv4SxG5uGRIEOrq6.jpg&w=1920&q=75:0
[  550167ms] [ERROR] Failed to load resource: net::ERR_CONNECTION_REFUSED @ http://localhost:3000/_next/image?url=https%3A%2F%2Fimage.tmdb.org%2Ft%2Fp%2Foriginal%2FxBT0oNq6rsTFv4SxG5uGRIEOrq6.jpg&w=1920&q=75:0
[  580164ms] [ERROR] Failed to load resource: net::ERR_CONNECTION_REFUSED @ http://localhost:3000/_next/image?url=https%3A%2F%2Fimage.tmdb.org%2Ft%2Fp%2Foriginal%2FxBT0oNq6rsTFv4SxG5uGRIEOrq6.jpg&w=1920&q=75:0
[  610158ms] [ERROR] Failed to load resource: net::ERR_CONNECTION_REFUSED @ http://localhost:3000/_next/image?url=https%3A%2F%2Fimage.tmdb.org%2Ft%2Fp%2Foriginal%2FxBT0oNq6rsTFv4SxG5uGRIEOrq6.jpg&w=1920&q=75:0
[  640184ms] [ERROR] Failed to load resource: net::ERR_CONNECTION_REFUSED @ http://localhost:3000/_next/image?url=https%3A%2F%2Fimage.tmdb.org%2Ft%2Fp%2Foriginal%2FxBT0oNq6rsTFv4SxG5uGRIEOrq6.jpg&w=1920&q=75:0
[  670168ms] [ERROR] Failed to load resource: net::ERR_CONNECTION_REFUSED @ http://localhost:3000/_next/image?url=https%3A%2F%2Fimage.tmdb.org%2Ft%2Fp%2Foriginal%2FxBT0oNq6rsTFv4SxG5uGRIEOrq6.jpg&w=1920&q=75:0
[  700172ms] [ERROR] Failed to load resource: net::ERR_CONNECTION_REFUSED @ http://localhost:3000/_next/image?url=https%3A%2F%2Fimage.tmdb.org%2Ft%2Fp%2Foriginal%2FxBT0oNq6rsTFv4SxG5uGRIEOrq6.jpg&w=1920&q=75:0
[  730168ms] [ERROR] Failed to load resource: net::ERR_CONNECTION_REFUSED @ http://localhost:3000/_next/image?url=https%3A%2F%2Fimage.tmdb.org%2Ft%2Fp%2Foriginal%2FxBT0oNq6rsTFv4SxG5uGRIEOrq6.jpg&w=1920&q=75:0
[  760197ms] [ERROR] Failed to load resource: net::ERR_CONNECTION_REFUSED @ http://localhost:3000/_next/image?url=https%3A%2F%2Fimage.tmdb.org%2Ft%2Fp%2Foriginal%2FxBT0oNq6rsTFv4SxG5uGRIEOrq6.jpg&w=1920&q=75:0
[  790201ms] [ERROR] Failed to load resource: net::ERR_CONNECTION_REFUSED @ http://localhost:3000/_next/image?url=https%3A%2F%2Fimage.tmdb.org%2Ft%2Fp%2Foriginal%2FxBT0oNq6rsTFv4SxG5uGRIEOrq6.jpg&w=1920&q=75:0
[  820193ms] [ERROR] Failed to load resource: net::ERR_CONNECTION_REFUSED @ http://localhost:3000/_next/image?url=https%3A%2F%2Fimage.tmdb.org%2Ft%2Fp%2Foriginal%2FxBT0oNq6rsTFv4SxG5uGRIEOrq6.jpg&w=1920&q=75:0
[  850177ms] [ERROR] Failed to load resource: net::ERR_CONNECTION_REFUSED @ http://localhost:3000/_next/image?url=https%3A%2F%2Fimage.tmdb.org%2Ft%2Fp%2Foriginal%2FxBT0oNq6rsTFv4SxG5uGRIEOrq6.jpg&w=1920&q=75:0
[  880183ms] [ERROR] Failed to load resource: net::ERR_CONNECTION_REFUSED @ http://localhost:3000/_next/image?url=https%3A%2F%2Fimage.tmdb.org%2Ft%2Fp%2Foriginal%2FxBT0oNq6rsTFv4SxG5uGRIEOrq6.jpg&w=1920&q=75:0
[  970182ms] [ERROR] Failed to load resource: net::ERR_CONNECTION_REFUSED @ http://localhost:3000/_next/image?url=https%3A%2F%2Fimage.tmdb.org%2Ft%2Fp%2Foriginal%2FxBT0oNq6rsTFv4SxG5uGRIEOrq6.jpg&w=1920&q=75:0
[ 1000170ms] [ERROR] Failed to load resource: net::ERR_CONNECTION_REFUSED @ http://localhost:3000/_next/image?url=https%3A%2F%2Fimage.tmdb.org%2Ft%2Fp%2Foriginal%2FxBT0oNq6rsTFv4SxG5uGRIEOrq6.jpg&w=1920&q=75:0
[ 1114215ms] [ERROR] Failed to load resource: net::ERR_CONNECTION_REFUSED @ http://localhost:3000/_next/image?url=https%3A%2F%2Fimage.tmdb.org%2Ft%2Fp%2Foriginal%2FxBT0oNq6rsTFv4SxG5uGRIEOrq6.jpg&w=1920&q=75:0
[ 1144180ms] [ERROR] Failed to load resource: net::ERR_CONNECTION_REFUSED @ http://localhost:3000/_next/image?url=https%3A%2F%2Fimage.tmdb.org%2Ft%2Fp%2Foriginal%2FxBT0oNq6rsTFv4SxG5uGRIEOrq6.jpg&w=1920&q=75:0
[ 2050200ms] [ERROR] Failed to load resource: net::ERR_CONNECTION_REFUSED @ http://localhost:3000/_next/image?url=https%3A%2F%2Fimage.tmdb.org%2Ft%2Fp%2Foriginal%2FxBT0oNq6rsTFv4SxG5uGRIEOrq6.jpg&w=1920&q=75:0
